50.920995885
242.004326432639783195178618854259
422.764240065920208662445303267128
236.419395434977014285377699356
417.497217803865912440022892137641
81
292.066191815728552247199317241863
480.544234637661958884554506013369
83
528.144974561396676686531955107577
28
268.416129630805326045766513470066
410.492717775411750526215653552396
445.927866482402907904585917660160
70.945574943
31
111.801707440188046879
233.226782486727123857410847838
268.974634315843968519190799533618
179.708673560669989924
